// Jest Snapshot v1, https://goo.gl/fbAQLP

exports[`ErrMsg component should renders correctly 1`] = `
<div
  className="wrapper"
>
  <div
    className="box"
  >
    <div
      className="title"
    >
      Error
    </div>
    <p
      className="msg"
    >
      We are sorry but something went wrong, please try again later.
    </p>
  </div>
</div>
`;
