// Jest Snapshot v1, https://goo.gl/fbAQLP

exports[`Login component should renders correctly 1`] = `
<div
  className="wrapper"
>
  <div>
    <h2
      className="title"
    >
      Checkout who are you best friends on Facebook
    </h2>
    <div
      className="main"
    >
      <h4>
        Facebook required your permission to do further action
      </h4>
      <button
        className="pure-button btn"
        onClick={[Function]}
      >
        Agree
      </button>
    </div>
  </div>
</div>
`;
